../Core/Src/main2.c:69:5:main	16	static
../Core/Src/main2.c:189:6:determinamensajei2c	24	static
../Core/Src/main2.c:282:6:SystemClock_Config_HSE	96	static
../Core/Src/main2.c:373:9:determinamensajeCAN	16	static
../Core/Src/main2.c:401:6:CAN1_Tx	40	static
../Core/Src/main2.c:429:6:CAN1_Rx	96	static
../Core/Src/main2.c:449:9:decipher_pin	24	static
../Core/Src/main2.c:469:6:starti2c_tx	32	static
../Core/Src/main2.c:495:6:CAN_Filter_Config	48	static
../Core/Src/main2.c:517:6:GPIO_Init	64	static
../Core/Src/main2.c:545:6:TIMER6_Init	8	static
../Core/Src/main2.c:559:6:CAN1_Init	8	static
../Core/Src/main2.c:584:6:HAL_CAN_TxMailbox0CompleteCallback	72	static
../Core/Src/main2.c:592:6:HAL_CAN_TxMailbox1CompleteCallback	72	static
../Core/Src/main2.c:600:6:HAL_CAN_TxMailbox2CompleteCallback	72	static
../Core/Src/main2.c:608:7:HAL_CAN_RxFifo0MsgPendingCallback	80	static
../Core/Src/main2.c:643:7:HAL_TIM_PeriodElapsedCallback	48	static
../Core/Src/main2.c:758:7:CAN_Send_response	48	static
../Core/Src/main2.c:778:7:I2C1_Init	8	static
../Core/Src/main2.c:810:9:I2C2_Init	8	static
../Core/Src/main2.c:840:9:I2C1_EV_IRQHandler	8	static
../Core/Src/main2.c:844:9:I2C1_ER_IRQHandler	8	static
../Core/Src/main2.c:847:9:I2C2_EV_IRQHandler	8	static
../Core/Src/main2.c:850:9:I2C2_ER_IRQHandler	8	static
../Core/Src/main2.c:862:9:HAL_I2C_MasterTxCpltCallback	16	static
../Core/Src/main2.c:884:9:HAL_I2C_MasterRxCpltCallback	16	static
../Core/Src/main2.c:927:9:HAL_I2C_ErrorCallback	16	static
../Core/Src/main2.c:940:9:Error_handler	4	static
